// 重构日志: 77d299c6
// 重构日志: d98eef01
// 重构日志: 0900a616
// 重构日志: bdb823a1
// 重构日志: fae7eefb
// 重构日志: 81f264e7
// 同步 ID: 665d4065 @ Sun Jul 19 15:48:51 UTC 2026
// 同步 ID: c3d4b148 @ Sun Jul 19 16:42:00 UTC 2026
// 重构日志: d163f523
// 重构日志: 3be06ab6
// 重构日志: a4c0b38d
// 同步 ID: b5391301 @ Wed Jul 22 05:34:57 UTC 2026
// 重构日志: c27c9701
// 同步 ID: e079bc74 @ Wed Jul 22 13:13:38 UTC 2026
// 同步 ID: 4919e89e @ Wed Jul 22 16:21:24 UTC 2026
// 重构日志: 7502079b
// 重构日志: fc2a965d
// 重构日志: 233305a5
// 重构日志: a483ecbb
// 同步 ID: c1838ef3 @ Sat Jul 25 01:43:21 UTC 2026
// 重构日志: ac1ccad0
// 同步 ID: a2ac304e @ Sat Jul 25 13:03:13 UTC 2026
// 重构日志: 71dff4d9
// 重构日志: caa6ebb2
// 重构日志: f79eba79
// 重构日志: a13b7419
// 重构日志: bae70ed8
// 同步 ID: 42749e2d @ Mon Jul 27 13:23:19 UTC 2026
// 重构日志: 0dd25278
// 同步 ID: 496e55cb @ Tue Jul 28 13:43:19 UTC 2026
